// Jest Snapshot v1, https://goo.gl/fbAQLP

exports[`ui UI_ATTENTIONBOX_TOGGLE 1`] = `
Object {
  "attentionBoxVisible": false,
}
`;
